[36mvite v7.3.1 [32mbuilding client environment for production...[36m[39m
transforming...
[32mΓ£ô[39m 1179 modules transformed.
[31mΓ£ù[39m Build failed in 2.71s
[31merror during build:
[31mCould not resolve "../services/mapService" from "src/components/RideRequest.jsx"[31m
file: [36mC:/Users/guruv/OneDrive/Desktop/Safro/client/src/components/RideRequest.jsx[31m
    at getRollupError (file:///C:/Users/guruv/OneDrive/Desktop/Safro/client/node_modules/rollup/dist/es/shared/parseAst.js:402:41)
    at error (file:///C:/Users/guruv/OneDrive/Desktop/Safro/client/node_modules/rollup/dist/es/shared/parseAst.js:398:42)
    at ModuleLoader.handleInvalidResolvedId (file:///C:/Users/guruv/OneDrive/Desktop/Safro/client/node_modules/rollup/dist/es/shared/node-entry.js:21687:24)
    at file:///C:/Users/guruv/OneDrive/Desktop/Safro/client/node_modules/rollup/dist/es/shared/node-entry.js:21647:26[39m
