node.exe : 
[31mΓ£ù[39m Build 
failed in 4.92s
At line:1 char:1
+ & "C:\Program 
Files\nodejs/node.exe" 
"C:\Program 
Files\nodejs/node_mo 
...
+ ~~~~~~~~~~~~~~~~~~~~~
~~~~~~~~~~~~~~~~~~~~~~~
~~~~~~~~~~~~~~~~~~~~~~~
~~
    + CategoryInfo     
         : NotSpecifi  
  ed: ([31mΓ£ù[39m   
  Build failed in 4    
.92s:String) [], R    
emoteException
    + FullyQualifiedEr 
   rorId : NativeComm  
  andError
 
[31merror during 
build:
[31mCould not resolve 
"../services/mapService
" from "src/components/
RideRequest.jsx"[31m
file: [36mC:/Users/gur
uv/OneDrive/Desktop/Saf
ro/client/src/component
s/RideRequest.jsx[31m
    at getRollupError (
file:///C:/Users/guruv/
OneDrive/Desktop/Safro/
client/node_modules/rol
lup/dist/es/shared/pars
eAst.js:402:41)
    at error (file:///C
:/Users/guruv/OneDrive/
Desktop/Safro/client/no
de_modules/rollup/dist/
es/shared/parseAst.js:3
98:42)
    at ModuleLoader.han
dleInvalidResolvedId (f
ile:///C:/Users/guruv/O
neDrive/Desktop/Safro/c
lient/node_modules/roll
up/dist/es/shared/node-
entry.js:21687:24)
    at file:///C:/Users
/guruv/OneDrive/Desktop
/Safro/client/node_modu
les/rollup/dist/es/shar
ed/node-entry.js:21647:
26[39m
